<html>
<body>
<pre>
<h1>µVision Build Log</h1>
<h2>Tool Versions:</h2>
IDE-Version: ¦ÌVision V5.24.2.0
Copyright (C) 2017 ARM Ltd and ARM Germany GmbH. All rights reserved.
License Information: M odest, 1, LIC=TIVNB-2LUKQ-FW72N-YRPGN-QL623-LQCMF
 
Tool Versions:
Toolchain:       MDK-ARM Plus  Version: 5.24.1
Toolchain Path:  D:\keil 5\ARM\ARMCC\Bin
C Compiler:      Armcc.exe V5.06 update 5 (build 528)
Assembler:       Armasm.exe V5.06 update 5 (build 528)
Linker/Locator:  ArmLink.exe V5.06 update 5 (build 528)
Library Manager: ArmAr.exe V5.06 update 5 (build 528)
Hex Converter:   FromElf.exe V5.06 update 5 (build 528)
CPU DLL:         SARMCM3.DLL V5.24.1
Dialog DLL:      DCM.DLL V1.16.0.0
Target DLL:      STLink\ST-LINKIII-KEIL_SWO.dll V3.0.1.0
Dialog DLL:      TCM.DLL V1.32.0.0
 
<h2>Project:</h2>
C:\Users\PC\Desktop\RS485+Modbus\RS485_HOST_PROGRAME.uvprojx
Project File Date:  06/27/2024

<h2>Output:</h2>
*** Using Compiler 'V5.06 update 5 (build 528)', folder: 'D:\keil 5\ARM\ARMCC\Bin'
Rebuild target 'Project'
compiling stm32f10x_tim.c...
compiling stm32f10x_it.c...
compiling system_stm32f10x.c...
compiling delay.c...
compiling Serial.c...
compiling demo.c...
compiling sys.c...
compiling main.c...
.\HARDWARE\OLED.h(13): warning:  #1-D: last line of file ends without a newline
  #endif
USER\main.c(20): warning:  #223-D: function "Serial_Init" declared implicitly
  	Serial_Init();
USER\main.c(25): warning:  #223-D: function "sprintf" declared implicitly
  		sprintf((unsigned char*)str,"%d%d    ",uart_data[3],uart_data[4]);
USER\main.c(26): warning:  #167-D: argument of type "uint8_t *" is incompatible with parameter of type "char *"
  		OLED_ShowString(2, 1,str);
USER\main.c(27): warning:  #223-D: function "Serial_SendString" declared implicitly
  		 Serial_SendString(str);
USER\main.c: 5 warnings, 0 errors
compiling timer.c...
assembling startup_stm32f10x_md.s...
compiling stm32f10x_gpio.c...
compiling stm32f10x_rcc.c...
compiling core_cm3.c...
compiling crc16.c...
compiling rs485.c...
compiling misc.c...
compiling led.c...
compiling stm32f10x_usart.c...
compiling OLED.c...
compiling key.c...
linking...
Program Size: Code=5116 RO-data=2300 RW-data=76 ZI-data=1844  
FromELF: creating hex file...
".\OBJ\RS485_HOST_PROGRAME.axf" - 0 Error(s), 5 Warning(s).

<h2>Software Packages used:</h2>

Package Vendor: Keil
                http://www.keil.com/pack/Keil.STM32F1xx_DFP.2.2.0.pack
                Keil.STM32F1xx_DFP.2.2.0
                STMicroelectronics STM32F1 Series Device Support, Drivers and Examples

<h2>Collection of Component include folders:</h2>
  .\RTE\_Project
  D:\keil 5\ARM\PACK\Keil\STM32F1xx_DFP\2.2.0\Device\Include

<h2>Collection of Component Files used:</h2>
Build Time Elapsed:  00:00:01
</pre>
</body>
</html>
